// Vitest Snapshot v1, https://vitest.dev/guide/snapshot.html

exports[`ternary operator 1`] = `
"<script lang="ts">
  const x = condition
    ? function foo() {}
    : function bar() {
        return 0;
      };
</script>
"
`;

exports[`ðŸŸ  nested ternary operator 1`] = `
"<script lang="ts">
  const x = condition1
    ? condition2
      ? function foo() {}
      : function bar() {
          return 0;
        }
    : condition3
    ? function baz() {}
    : function qux() {
        return 0;
      };
</script>
"
`;
