// Vitest Snapshot v1, https://vitest.dev/guide/snapshot.html

exports[`if 1`] = `
"<script lang="ts">
  if (foo)
  {
    bar();
  }
</script>

<template>
  <button
    type="button"
    on:click={() =>
    {
      if (foo)
      {
        bar();
      }
    }}
  >
    Click Me
  </button>
</template>
"
`;

exports[`if...else (1) 1`] = `
"<script lang="ts">
  if (foo)
  {
    bar();
  }
  else
  {
    baz();
  }
</script>

<template>
  <button
    type="button"
    on:click={() =>
    {
      if (foo)
      {
        bar();
      }
      else
      {
        baz();
      }
    }}
  >
    Click Me
  </button>
</template>
"
`;

exports[`if...else (2) - with comment 1`] = `
"<script lang="ts">
  // foo is truthy
  if (foo)
  {
    bar();
  }
  // foo is falsy
  else
  {
    baz();
  }
</script>

<template>
  <button
    type="button"
    on:click={() =>
    {
      // foo is truthy
      if (foo)
      {
        bar();
      }
      // foo is falsy
      else
      {
        baz();
      }
    }}
  >
    Click Me
  </button>
</template>
"
`;

exports[`if...elseif...else 1`] = `
"<script lang="ts">
  if (foo)
  {
    bar();
  }
  else if (baz)
  {
    qux();
  }
  else
  {
    quux();
  }
</script>

<template>
  <button
    type="button"
    on:click={() =>
    {
      if (foo)
      {
        bar();
      }
      else if (baz)
      {
        qux();
      }
      else
      {
        quux();
      }
    }}
  >
    Click Me
  </button>
</template>
"
`;
