// Vitest Snapshot v1, https://vitest.dev/guide/snapshot.html

exports[`labeled block 1`] = `
"<script lang="ts">
  foo:
  {
    console.log("face");
    break foo;
    console.log("this will not be executed");
  }
  console.log("swap");
</script>

<template>
  <button
    type="button"
    on:click={() =>
    {
      foo:
      {
        console.log("face");
        break foo;
        console.log("this will not be executed");
      }
      console.log("swap");
    }}
  >
    Click Me
  </button>
</template>
"
`;
